ets Jun  8 2016 00:22:57

rst:0x1 (POWERON_RESET),boï¿½ets Jun  8 2016 00:22:57

rst:0x1 (POWERON_RESET),boot:0x13 (SPI_FAST_FLASH_BOOT)
configsip: 0, SPIWP:0xee
clk_drv:0x00,q_drv:0x00,d_drv:0x00,cs0_drv:0x00,hd_drv:0x00,wp_drv:0x00
mode:DIO, clock div:1
load:0x3fff0030,len:7524
load:0x40078000,len:16552
load:0x40080400,len:4
load:0x40080404,len:4316
entry 0x4008065c
[0;32mI (29) boot: ESP-IDF v5.4-dev-421-g4523f2d674 2nd stage bootloader[0m
[0;32mI (29) boot: compile time Jun 25 2024 17:20:37[0m
[0;32mI (30) boot: Multicore bootloader[0m
[0;32mI (35) boot: chip revision: v1.1[0m
[0;32mI (38) qio_mode: Enabling default flash chip QIO[0m
[0;32mI (44) boot.esp32: SPI Speed      : 80MHz[0m
[0;32mI (48) boot.esp32: SPI Mode       : QIO[0m
[0;32mI (53) boot.esp32: SPI Flash Size : 4MB[0m
[0;32mI (57) boot: Enabling RNG early entropy source...[0m
[0;32mI (63) boot: Partition Table:[0m
[0;32mI (66) boot: ## Label            Usage          Type ST Offset   Length[0m
[0;32mI (74) boot:  0 nvs              WiFi data        01 02 00009000 00006000[0m
[0;32mI (81) boot:  1 phy_init         RF data          01 01 0000f000 00001000[0m
[0;32mI (89) boot:  2 factory          factory app      00 00 00010000 00300000[0m
[0;32mI (96) boot: End of partition table[0m
[0;32mI (100) esp_image: segment 0: paddr=00010020 vaddr=3f400020 size=1b2fd0h (1781712) map[0m
[0;32mI (566) esp_image: segment 1: paddr=001c2ff8 vaddr=3ffb0000 size=033d4h ( 13268) load[0m
[0;32mI (570) esp_image: segment 2: paddr=001c63d4 vaddr=40080000 size=09c44h ( 40004) load[0m
[0;32mI (584) esp_image: segment 3: paddr=001d0020 vaddr=400d0020 size=33060h (208992) map[0m
[0;32mI (637) esp_image: segment 4: paddr=00203088 vaddr=40089c44 size=06ee0h ( 28384) load[0m
[0;32mI (655) boot: Loaded app from partition at offset 0x10000[0m
[0;32mI (655) boot: Disabling RNG early entropy source...[0m
[0;32mI (666) cpu_start: Multicore app[0m
[0;32mI (667) quad_psram: This chip is ESP32-D0WD[0m
[0;32mI (667) esp_psram: Found 8MB PSRAM device[0m
[0;32mI (669) esp_psram: Speed: 80MHz[0m
[0;32mI (673) esp_psram: PSRAM initialized, cache is in low/high (2-core) mode.[0m
[0;33mW (680) esp_psram: Virtual address not enough for PSRAM, map as much as we can. 4MB is mapped[0m
[0;32mI (1153) esp_psram: SPI SRAM memory test OK[0m
[0;32mI (1160) cpu_start: Pro cpu start user code[0m
[0;32mI (1161) cpu_start: cpu freq: 240000000 Hz[0m
[0;32mI (1161) app_init: Application information:[0m
[0;32mI (1164) app_init: Project name:     person_detection[0m
[0;32mI (1169) app_init: App version:      49f9224-dirty[0m
[0;32mI (1175) app_init: Compile time:     Jun 25 2024 17:20:32[0m
[0;32mI (1181) app_init: ELF file SHA256:  99f7f5d7f...[0m
[0;32mI (1186) app_init: ESP-IDF:          v5.4-dev-421-g4523f2d674[0m
[0;32mI (1193) efuse_init: Min chip rev:     v0.0[0m
[0;32mI (1198) efuse_init: Max chip rev:     v3.99 [0m
[0;32mI (1203) efuse_init: Chip rev:         v1.1[0m
[0;32mI (1208) heap_init: Initializing. RAM available for dynamic allocation:[0m
[0;32mI (1215) heap_init: At 3FFAE6E0 len 00001920 (6 KiB): DRAM[0m
[0;32mI (1221) heap_init: At 3FFB4198 len 0002BE68 (175 KiB): DRAM[0m
[0;32mI (1227) heap_init: At 3FFE0440 len 00003AE0 (14 KiB): D/IRAM[0m
[0;32mI (1234) heap_init: At 3FFE4350 len 0001BCB0 (111 KiB): D/IRAM[0m
[0;32mI (1240) heap_init: At 40090B24 len 0000F4DC (61 KiB): IRAM[0m
[0;32mI (1247) esp_psram: Adding pool of 4096K of PSRAM memory to heap allocator[0m
[0;32mI (1255) spi_flash: detected chip: generic[0m
[0;32mI (1259) spi_flash: flash io: qio[0m
[0;33mW (1263) i2c: This driver is an old driver, please migrate your application code to adapt `driver/i2c_master.h`[0m
[0;32mI (1274) main_task: Started on CPU0[0m
[0;32mI (1284) main_task: Calling app_main()[0m
Total heap size: 4509464
Free heap size: 4484328
Total PSRAM size: 8388608
Free PSRAM size: 4191744
Free heap size after allocation: 4304100
Free PSRAM size after allocation: 4011516
[0;32mI (1294) gpio: GPIO[25]| InputEn: 1| OutputEn: 0| OpenDrain: 0| Pullup: 1| Pulldown: 0| Intr:2 [0m
[0;32mI (1304) cam_hal: cam init ok[0m
[0;32mI (1304) sccb: pin_sda 26 pin_scl 27[0m
[0;32mI (1314) sccb: sccb_i2c_port=1[0m
[0;32mI (1314) gpio: GPIO[32]| InputEn: 0| OutputEn: 1| OpenDrain: 0| Pullup: 0| Pulldown: 0| Intr:0 [0m
[0;32mI (1354) camera: Detected camera at address=0x30[0m
[0;32mI (1354) camera: Detected OV2640 camera[0m
[0;32mI (1354) camera: Camera PID=0x26 VER=0x42 MIDL=0x7f MIDH=0xa2[0m
[0;32mI (1424) esp32 ll_cam: node_size: 3072, nodes_per_line: 1, lines_per_node: 4, dma_half_buffer_min:  3072, dma_half_buffer: 12288,lines_per_half_buffer: 16, dma_buffer_size: 24576, image_size: 18432[0m
[0;32mI (1434) cam_hal: buffer_size: 24576, half_buffer_size: 12288, node_buffer_size: 3072, node_cnt: 8, total_cnt: 1[0m
[0;32mI (1444) cam_hal: Allocating 9216 Byte frame buffer in PSRAM[0m
[0;32mI (1454) cam_hal: Allocating 9216 Byte frame buffer in PSRAM[0m
[0;32mI (1454) cam_hal: cam config ok[0m
[0;32mI (1464) ov2640: Set PLL: clk_2x: 0, clk_div: 3, pclk_auto: 1, pclk_div: 8[0m
Camera Initialized

Image Captured

Input type: FLOAT32
Output type: FLOAT32
[0;31mE (3354) i2c: i2c_param_config(793): i2c clock choice is invalid, please check flag and frequency[0m
[0;31mE (4404) i2c: i2c_set_pin(980): scl and sda gpio numbers are the same[0m
[0;32mI (4404) LCD: Error in sending command[0m
[0;31mE (5404) i2c: i2c_set_pin(980): scl and sda gpio numbers are the same[0m
[0;32mI (5404) LCD: Error in sending command[0m
[0;31mE (6404) i2c: i2c_set_pin(980): scl and sda gpio numbers are the same[0m
[0;32mI (6404) LCD: Error in sending command[0m
[0;31mE (7414) i2c: i2c_set_pin(980): scl and sda gpio numbers are the same[0m
[0;32mI (7414) LCD: Error in sending command[0m
