ets Jun  8 2016 00:22:57

rst:0x1 (POWERON_RESET),boï¿½ets Jun  8 2016 00:22:57

rst:0x1 (POWERON_RESET),boot:0x13 (SPI_FAST_FLASH_BOOT)
configsip: 0, SPIWP:0xee
clk_drv:0x00,q_drv:0x00,d_drv:0x00,cs0_drv:0x00,hd_drv:0x00,wp_drv:0x00
mode:DIO, clock div:1
load:0x3fff0030,len:7524
load:0x40078000,len:16552
load:0x40080400,len:4
load:0x40080404,len:4316
entry 0x4008065c
[0;32mI (29) boot: ESP-IDF v5.4-dev-421-g4523f2d674 2nd stage bootloader[0m
[0;32mI (29) boot: compile time Jun 25 2024 17:20:37[0m
[0;32mI (31) boot: Multicore bootloader[0m
[0;32mI (35) boot: chip revision: v1.1[0m
[0;32mI (39) qio_mode: Enabling default flash chip QIO[0m
[0;32mI (44) boot.esp32: SPI Speed      : 80MHz[0m
[0;32mI (48) boot.esp32: SPI Mode       : QIO[0m
[0;32mI (53) boot.esp32: SPI Flash Size : 4MB[0m
[0;32mI (58) boot: Enabling RNG early entropy source...[0m
[0;32mI (63) boot: Partition Table:[0m
[0;32mI (67) boot: ## Label            Usage          Type ST Offset   Length[0m
[0;32mI (74) boot:  0 nvs              WiFi data        01 02 00009000 00006000[0m
[0;32mI (81) boot:  1 phy_init         RF data          01 01 0000f000 00001000[0m
[0;32mI (89) boot:  2 factory          factory app      00 00 00010000 00300000[0m
[0;32mI (96) boot: End of partition table[0m
[0;32mI (100) esp_image: segment 0: paddr=00010020 vaddr=3f400020 size=1b2d70h (1781104) map[0m
[0;32mI (566) esp_image: segment 1: paddr=001c2d98 vaddr=3ffb0000 size=0336ch ( 13164) load[0m
[0;32mI (570) esp_image: segment 2: paddr=001c610c vaddr=40080000 size=09f0ch ( 40716) load[0m
[0;32mI (584) esp_image: segment 3: paddr=001d0020 vaddr=400d0020 size=2fb54h (195412) map[0m
[0;32mI (634) esp_image: segment 4: paddr=001ffb7c vaddr=40089f0c size=06b1ch ( 27420) load[0m
[0;32mI (651) boot: Loaded app from partition at offset 0x10000[0m
[0;32mI (651) boot: Disabling RNG early entropy source...[0m
[0;32mI (663) cpu_start: Multicore app[0m
[0;32mI (663) quad_psram: This chip is ESP32-D0WD[0m
[0;32mI (663) esp_psram: Found 8MB PSRAM device[0m
[0;32mI (665) esp_psram: Speed: 80MHz[0m
[0;32mI (669) esp_psram: PSRAM initialized, cache is in low/high (2-core) mode.[0m
[0;33mW (676) esp_psram: Virtual address not enough for PSRAM, map as much as we can. 4MB is mapped[0m
[0;32mI (1149) esp_psram: SPI SRAM memory test OK[0m
[0;32mI (1157) cpu_start: Pro cpu start user code[0m
[0;32mI (1157) cpu_start: cpu freq: 240000000 Hz[0m
[0;32mI (1157) app_init: Application information:[0m
[0;32mI (1160) app_init: Project name:     person_detection[0m
[0;32mI (1166) app_init: App version:      49f9224-dirty[0m
[0;32mI (1171) app_init: Compile time:     Jun 25 2024 17:20:32[0m
[0;32mI (1177) app_init: ELF file SHA256:  394565cc5...[0m
[0;32mI (1183) app_init: ESP-IDF:          v5.4-dev-421-g4523f2d674[0m
[0;32mI (1189) efuse_init: Min chip rev:     v0.0[0m
[0;32mI (1194) efuse_init: Max chip rev:     v3.99 [0m
[0;32mI (1199) efuse_init: Chip rev:         v1.1[0m
[0;32mI (1204) heap_init: Initializing. RAM available for dynamic allocation:[0m
[0;32mI (1211) heap_init: At 3FFAE6E0 len 00001920 (6 KiB): DRAM[0m
[0;32mI (1217) heap_init: At 3FFB4130 len 0002BED0 (175 KiB): DRAM[0m
[0;32mI (1224) heap_init: At 3FFE0440 len 00003AE0 (14 KiB): D/IRAM[0m
[0;32mI (1230) heap_init: At 3FFE4350 len 0001BCB0 (111 KiB): D/IRAM[0m
[0;32mI (1237) heap_init: At 40090A28 len 0000F5D8 (61 KiB): IRAM[0m
[0;32mI (1243) esp_psram: Adding pool of 4096K of PSRAM memory to heap allocator[0m
[0;32mI (1251) spi_flash: detected chip: generic[0m
[0;32mI (1255) spi_flash: flash io: qio[0m
[0;33mW (1259) i2c: This driver is an old driver, please migrate your application code to adapt `driver/i2c_master.h`[0m
[0;32mI (1271) main_task: Started on CPU0[0m
[0;32mI (1281) main_task: Calling app_main()[0m
Total heap size: 4509568
Free heap size: 4484432
Total PSRAM size: 8388608
Free PSRAM size: 4191744
Free heap size after allocation: 4304204
Free PSRAM size after allocation: 4011516
[0;32mI (1291) gpio: GPIO[25]| InputEn: 1| OutputEn: 0| OpenDrain: 0| Pullup: 1| Pulldown: 0| Intr:2 [0m
[0;32mI (1301) cam_hal: cam init ok[0m
[0;32mI (1301) sccb: pin_sda 26 pin_scl 27[0m
[0;32mI (1311) sccb: sccb_i2c_port=1[0m
[0;32mI (1311) gpio: GPIO[32]| InputEn: 0| OutputEn: 1| OpenDrain: 0| Pullup: 0| Pulldown: 0| Intr:0 [0m
[0;32mI (1351) camera: Detected camera at address=0x30[0m
[0;32mI (1351) camera: Detected OV2640 camera[0m
[0;32mI (1351) camera: Camera PID=0x26 VER=0x42 MIDL=0x7f MIDH=0xa2[0m
[0;32mI (1421) esp32 ll_cam: node_size: 3072, nodes_per_line: 1, lines_per_node: 4, dma_half_buffer_min:  3072, dma_half_buffer: 12288,lines_per_half_buffer: 16, dma_buffer_size: 24576, image_size: 18432[0m
[0;32mI (1431) cam_hal: buffer_size: 24576, half_buffer_size: 12288, node_buffer_size: 3072, node_cnt: 8, total_cnt: 1[0m
[0;32mI (1441) cam_hal: Allocating 9216 Byte frame buffer in PSRAM[0m
[0;32mI (1451) cam_hal: Allocating 9216 Byte frame buffer in PSRAM[0m
[0;32mI (1451) cam_hal: cam config ok[0m
[0;32mI (1461) ov2640: Set PLL: clk_2x: 0, clk_div: 3, pclk_auto: 1, pclk_div: 8[0m
Camera Initialized

Image Captured

Input type: FLOAT32
Output type: FLOAT32
[0;32mI (3401) LCD: Error in sending command[0m
[0;32mI (3401) LCD: Error in sending command[0m
[0;32mI (3401) LCD: Error in sending command[0m
[0;32mI (3411) LCD: Error in sending command[0m
[0;32mI (3421) LCD: Error in sending command[0m
[0;32mI (3421) LCD: Error in sending command[0m
[0;32mI (3421) LCD: Error in sending command[0m
[0;32mI (3421) LCD: Error in sending command[0m
[0;32mI (3421) LCD: Error in sending command[0m
[0;32mI (3431) LCD: Error in sending command[0m
[0;32mI (3431) LCD: Error in sending data[0m
[0;32mI (3431) LCD: Error in sending data[0m
[0;32mI (3441) LCD: Error in sending data[0m
[0;32mI (3441) LCD: Error in sending data[0m
[0;32mI (3451) LCD: Error in sending data[0m
[0;32mI (3451) LCD: Error in sending data[0m
[0;32mI (3461) LCD: Error in sending data[0m
[0;32mI (3461) LCD: Error in sending data[0m
[0;32mI (3461) LCD: Error in sending data[0m
No fruit detected
[0;32mI (3471) LCD: Error in sending command[0m
[0;32mI (3471) LCD: Error in sending data[0m
[0;32mI (3481) LCD: Error in sending data[0m
[0;32mI (3481) LCD: Error in sending data[0m
[0;32mI (3491) LCD: Error in sending data[0m
[0;32mI (3491) LCD: Error in sending data[0m
[0;32mI (3501) LCD: Error in sending data[0m
[0;32mI (3501) LCD: Error in sending data[0m
[0;32mI (3501) LCD: Error in sending data[0m
[0;32mI (3511) LCD: Error in sending data[0m
[0;32mI (3511) LCD: Error in sending data[0m
[0;32mI (3521) LCD: Error in sending data[0m
[0;32mI (3521) LCD: Error in sending data[0m
[0;32mI (3521) LCD: Error in sending data[0m
[0;32mI (3531) LCD: Error in sending data[0m
[0;32mI (3531) LCD: Error in sending data[0m
[0;32mI (3541) LCD: Error in sending data[0m
[0;32mI (3541) LCD: Error in sending data[0m
Apple: 0.003906, Banana: 0.003906, Lemon: 0.007812, Other: 0.980469
